A51 MACRO ASSEMBLER  DIV                                                                  10/22/2024 13:20:23 PAGE     1


MACRO ASSEMBLER A51 V8.2.7.0
OBJECT MODULE PLACED IN .\Objects\div.obj
ASSEMBLER INVOKED BY: C:\Keil_v5\C51\BIN\A51.EXE div.A51 SET(SMALL) DEBUG PRINT(.\Listings\div.lst) OBJECT(.\Objects\div
                      .obj) EP

LOC  OBJ            LINE     SOURCE

0000                   1             ORG 0
0000 7464              2             MOV A, #64H
0002 75F00D            3             MOV B, #0DH
0005 25F0              4             ADD A, B
0007 75F006            5             MOV B, #06H
000A 84                6             DIV AB
                       7             END
A51 MACRO ASSEMBLER  DIV                                                                  10/22/2024 13:20:23 PAGE     2

SYMBOL TABLE LISTING
------ ----- -------


N A M E             T Y P E  V A L U E   ATTRIBUTES

B. . . . . . . . .  D ADDR   00F0H   A   


REGISTER BANK(S) USED: 0 


ASSEMBLY COMPLETE.  0 WARNING(S), 0 ERROR(S)
