C51 COMPILER V9.60.7.0   UART                                                              11/23/2024 21:09:45 PAGE 1   


C51 COMPILER V9.60.7.0, COMPILATION OF MODULE UART
OBJECT MODULE PLACED IN .\Objects\uart.obj
COMPILER INVOKED BY: C:\Keil_v5\C51\BIN\C51.EXE uart.c OPTIMIZE(8,SPEED) BROWSE DEBUG OBJECTEXTEND PRINT(.\Listings\uart
                    -.lst) TABS(2) OBJECT(.\Objects\uart.obj)

line level    source

   1          #include <regx51.h>
   2          
   3          void init_uart();
   4          char value;
   5          
   6          void main()
   7          {
   8   1        while(1)
   9   1        {
  10   2          init_uart();
  11   2          while(RI == 0);
  12   2          RI = 0;
  13   2          value = SBUF;
  14   2          P2 = ~value;
  15   2          
  16   2          if(value == 'q')
  17   2          {
  18   3            SBUF = value;
  19   3            while(TI == 0);
  20   3            TI = 0;
  21   3          }
  22   2        }
  23   1      }
  24          
  25          void init_uart(void)
  26          {
  27   1        SCON = 0x50; // 0101 0000
  28   1        TMOD = 0x20;
  29   1        TH1 = 0xe6;
  30   1        TR1 = 1;
  31   1        IE = 0x90;
  32   1      }


MODULE INFORMATION:   STATIC OVERLAYABLE
   CODE SIZE        =     45    ----
   CONSTANT SIZE    =   ----    ----
   XDATA SIZE       =   ----    ----
   PDATA SIZE       =   ----    ----
   DATA SIZE        =      1    ----
   IDATA SIZE       =   ----    ----
   BIT SIZE         =   ----    ----
END OF MODULE INFORMATION.


C51 COMPILATION COMPLETE.  0 WARNING(S),  0 ERROR(S)
